------------------------------------------------------------
TimeQuest Timing Analyzer Summary
------------------------------------------------------------

Type  : Slow 1100mV 85C Model Setup 'u0|pll_0|altera_pll_i|general[0].gpll~PLL_OUTPUT_COUNTER|divclk'
Slack : -3.995
TNS   : -3.995

Type  : Slow 1100mV 85C Model Setup 'RefreshClock'
Slack : -1.871
TNS   : -29.895

Type  : Slow 1100mV 85C Model Hold 'u0|pll_0|altera_pll_i|general[0].gpll~PLL_OUTPUT_COUNTER|divclk'
Slack : -0.285
TNS   : -0.285

Type  : Slow 1100mV 85C Model Hold 'RefreshClock'
Slack : 0.698
TNS   : 0.000

Type  : Slow 1100mV 85C Model Minimum Pulse Width 'RefreshClock'
Slack : -0.394
TNS   : -10.350

Type  : Slow 1100mV 85C Model Minimum Pulse Width 'u0|pll_0|altera_pll_i|general[0].gpll~FRACTIONAL_PLL|vcoph[0]'
Slack : 1.666
TNS   : 0.000

Type  : Slow 1100mV 85C Model Minimum Pulse Width 'i_Clk'
Slack : 9.900
TNS   : 0.000

Type  : Slow 1100mV 85C Model Minimum Pulse Width 'u0|pll_0|altera_pll_i|general[0].gpll~PLL_OUTPUT_COUNTER|divclk'
Slack : 19.301
TNS   : 0.000

Type  : Slow 1100mV 0C Model Setup 'u0|pll_0|altera_pll_i|general[0].gpll~PLL_OUTPUT_COUNTER|divclk'
Slack : -3.490
TNS   : -3.490

Type  : Slow 1100mV 0C Model Setup 'RefreshClock'
Slack : -1.937
TNS   : -30.971

Type  : Slow 1100mV 0C Model Hold 'u0|pll_0|altera_pll_i|general[0].gpll~PLL_OUTPUT_COUNTER|divclk'
Slack : -0.777
TNS   : -0.777

Type  : Slow 1100mV 0C Model Hold 'RefreshClock'
Slack : 0.691
TNS   : 0.000

Type  : Slow 1100mV 0C Model Minimum Pulse Width 'RefreshClock'
Slack : -0.394
TNS   : -10.290

Type  : Slow 1100mV 0C Model Minimum Pulse Width 'u0|pll_0|altera_pll_i|general[0].gpll~FRACTIONAL_PLL|vcoph[0]'
Slack : 1.666
TNS   : 0.000

Type  : Slow 1100mV 0C Model Minimum Pulse Width 'i_Clk'
Slack : 9.926
TNS   : 0.000

Type  : Slow 1100mV 0C Model Minimum Pulse Width 'u0|pll_0|altera_pll_i|general[0].gpll~PLL_OUTPUT_COUNTER|divclk'
Slack : 19.246
TNS   : 0.000

Type  : Fast 1100mV 85C Model Setup 'u0|pll_0|altera_pll_i|general[0].gpll~PLL_OUTPUT_COUNTER|divclk'
Slack : -3.447
TNS   : -3.447

Type  : Fast 1100mV 85C Model Setup 'RefreshClock'
Slack : -0.671
TNS   : -9.727

Type  : Fast 1100mV 85C Model Hold 'u0|pll_0|altera_pll_i|general[0].gpll~PLL_OUTPUT_COUNTER|divclk'
Slack : 0.182
TNS   : 0.000

Type  : Fast 1100mV 85C Model Hold 'RefreshClock'
Slack : 0.365
TNS   : 0.000

Type  : Fast 1100mV 85C Model Minimum Pulse Width 'RefreshClock'
Slack : 0.121
TNS   : 0.000

Type  : Fast 1100mV 85C Model Minimum Pulse Width 'u0|pll_0|altera_pll_i|general[0].gpll~FRACTIONAL_PLL|vcoph[0]'
Slack : 1.666
TNS   : 0.000

Type  : Fast 1100mV 85C Model Minimum Pulse Width 'i_Clk'
Slack : 9.643
TNS   : 0.000

Type  : Fast 1100mV 85C Model Minimum Pulse Width 'u0|pll_0|altera_pll_i|general[0].gpll~PLL_OUTPUT_COUNTER|divclk'
Slack : 19.550
TNS   : 0.000

Type  : Fast 1100mV 0C Model Setup 'u0|pll_0|altera_pll_i|general[0].gpll~PLL_OUTPUT_COUNTER|divclk'
Slack : -2.581
TNS   : -2.581

Type  : Fast 1100mV 0C Model Setup 'RefreshClock'
Slack : -0.604
TNS   : -8.764

Type  : Fast 1100mV 0C Model Hold 'u0|pll_0|altera_pll_i|general[0].gpll~PLL_OUTPUT_COUNTER|divclk'
Slack : -0.196
TNS   : -0.196

Type  : Fast 1100mV 0C Model Hold 'RefreshClock'
Slack : 0.332
TNS   : 0.000

Type  : Fast 1100mV 0C Model Minimum Pulse Width 'RefreshClock'
Slack : 0.132
TNS   : 0.000

Type  : Fast 1100mV 0C Model Minimum Pulse Width 'u0|pll_0|altera_pll_i|general[0].gpll~FRACTIONAL_PLL|vcoph[0]'
Slack : 1.666
TNS   : 0.000

Type  : Fast 1100mV 0C Model Minimum Pulse Width 'i_Clk'
Slack : 9.632
TNS   : 0.000

Type  : Fast 1100mV 0C Model Minimum Pulse Width 'u0|pll_0|altera_pll_i|general[0].gpll~PLL_OUTPUT_COUNTER|divclk'
Slack : 19.540
TNS   : 0.000

------------------------------------------------------------
