------------------------------------------------------------
TimeQuest Timing Analyzer Summary
------------------------------------------------------------

Type  : Slow 1100mV 85C Model Setup 'u0|pll_0|altera_pll_i|general[0].gpll~PLL_OUTPUT_COUNTER|divclk'
Slack : -3.219
TNS   : -3.219

Type  : Slow 1100mV 85C Model Setup 'RefreshClock'
Slack : -2.077
TNS   : -53.089

Type  : Slow 1100mV 85C Model Hold 'u0|pll_0|altera_pll_i|general[0].gpll~PLL_OUTPUT_COUNTER|divclk'
Slack : -1.435
TNS   : -1.435

Type  : Slow 1100mV 85C Model Hold 'RefreshClock'
Slack : 0.660
TNS   : 0.000

Type  : Slow 1100mV 85C Model Minimum Pulse Width 'RefreshClock'
Slack : -0.394
TNS   : -16.947

Type  : Slow 1100mV 85C Model Minimum Pulse Width 'u0|pll_0|altera_pll_i|general[0].gpll~FRACTIONAL_PLL|vcoph[0]'
Slack : 1.666
TNS   : 0.000

Type  : Slow 1100mV 85C Model Minimum Pulse Width 'i_Clk'
Slack : 9.900
TNS   : 0.000

Type  : Slow 1100mV 85C Model Minimum Pulse Width 'u0|pll_0|altera_pll_i|general[0].gpll~PLL_OUTPUT_COUNTER|divclk'
Slack : 19.290
TNS   : 0.000

Type  : Slow 1100mV 0C Model Setup 'u0|pll_0|altera_pll_i|general[0].gpll~PLL_OUTPUT_COUNTER|divclk'
Slack : -2.748
TNS   : -2.748

Type  : Slow 1100mV 0C Model Setup 'RefreshClock'
Slack : -2.172
TNS   : -55.100

Type  : Slow 1100mV 0C Model Hold 'u0|pll_0|altera_pll_i|general[0].gpll~PLL_OUTPUT_COUNTER|divclk'
Slack : -1.752
TNS   : -1.752

Type  : Slow 1100mV 0C Model Hold 'RefreshClock'
Slack : 0.650
TNS   : 0.000

Type  : Slow 1100mV 0C Model Minimum Pulse Width 'RefreshClock'
Slack : -0.394
TNS   : -16.947

Type  : Slow 1100mV 0C Model Minimum Pulse Width 'u0|pll_0|altera_pll_i|general[0].gpll~FRACTIONAL_PLL|vcoph[0]'
Slack : 1.666
TNS   : 0.000

Type  : Slow 1100mV 0C Model Minimum Pulse Width 'i_Clk'
Slack : 9.926
TNS   : 0.000

Type  : Slow 1100mV 0C Model Minimum Pulse Width 'u0|pll_0|altera_pll_i|general[0].gpll~PLL_OUTPUT_COUNTER|divclk'
Slack : 19.247
TNS   : 0.000

Type  : Fast 1100mV 85C Model Setup 'u0|pll_0|altera_pll_i|general[0].gpll~PLL_OUTPUT_COUNTER|divclk'
Slack : -3.112
TNS   : -3.112

Type  : Fast 1100mV 85C Model Setup 'RefreshClock'
Slack : -0.759
TNS   : -18.055

Type  : Fast 1100mV 85C Model Hold 'u0|pll_0|altera_pll_i|general[0].gpll~PLL_OUTPUT_COUNTER|divclk'
Slack : -0.224
TNS   : -0.224

Type  : Fast 1100mV 85C Model Hold 'RefreshClock'
Slack : 0.340
TNS   : 0.000

Type  : Fast 1100mV 85C Model Minimum Pulse Width 'RefreshClock'
Slack : 0.141
TNS   : 0.000

Type  : Fast 1100mV 85C Model Minimum Pulse Width 'u0|pll_0|altera_pll_i|general[0].gpll~FRACTIONAL_PLL|vcoph[0]'
Slack : 1.666
TNS   : 0.000

Type  : Fast 1100mV 85C Model Minimum Pulse Width 'i_Clk'
Slack : 9.643
TNS   : 0.000

Type  : Fast 1100mV 85C Model Minimum Pulse Width 'u0|pll_0|altera_pll_i|general[0].gpll~PLL_OUTPUT_COUNTER|divclk'
Slack : 19.547
TNS   : 0.000

Type  : Fast 1100mV 0C Model Setup 'u0|pll_0|altera_pll_i|general[0].gpll~PLL_OUTPUT_COUNTER|divclk'
Slack : -2.259
TNS   : -2.259

Type  : Fast 1100mV 0C Model Setup 'RefreshClock'
Slack : -0.699
TNS   : -16.244

Type  : Fast 1100mV 0C Model Hold 'u0|pll_0|altera_pll_i|general[0].gpll~PLL_OUTPUT_COUNTER|divclk'
Slack : -0.595
TNS   : -0.595

Type  : Fast 1100mV 0C Model Hold 'RefreshClock'
Slack : 0.304
TNS   : 0.000

Type  : Fast 1100mV 0C Model Minimum Pulse Width 'RefreshClock'
Slack : 0.147
TNS   : 0.000

Type  : Fast 1100mV 0C Model Minimum Pulse Width 'u0|pll_0|altera_pll_i|general[0].gpll~FRACTIONAL_PLL|vcoph[0]'
Slack : 1.666
TNS   : 0.000

Type  : Fast 1100mV 0C Model Minimum Pulse Width 'i_Clk'
Slack : 9.632
TNS   : 0.000

Type  : Fast 1100mV 0C Model Minimum Pulse Width 'u0|pll_0|altera_pll_i|general[0].gpll~PLL_OUTPUT_COUNTER|divclk'
Slack : 19.538
TNS   : 0.000

------------------------------------------------------------
